I'm the father.
I'm child 0.
I'm child 1.
I'm child 2.
I'm child 3.
I'm child 4.
I'm child 5.
I'm child 6.
I'm child 7.
I'm child 8.
I'm child 9.
seems ok.
