C[19][19] = 7220
C[19][19] = 7220
C[19][19] = 7220
C[19][19] = 7220
C[19][19] = 7220
C[19][19] = 7220
C[19][19] = 7220
C[19][19] = 7220
C[19][19] = 7220
C[19][19] = 7220

