3 arguments
arg 0: nachos
arg 1: testing
arg 2: echo.
