hello nachos!hello nachos!hello nachos!hello nachos!hello nachos!hello nachos!hello nachos!hello nachos!hello nachos!hello nachos!done.
